---
source: oneiroi/src/mesh/tests.rs
expression: "CylinderV1::default().compute(vec![])"
---
- Mesh:
    Value:
      edges_of_point:
        - []
        - []
        - []
        - []
        - []
        - []
        - []
        - []
        - []
        - []
        - []
        - []
      faces_of_point:
        - []
        - []
        - []
        - []
        - []
        - []
        - []
        - []
        - []
        - []
        - []
        - []
      points_of_edge:
        - - 1
          - 12
        - - 6
          - 8
        - - 5
          - 7
        - - 8
          - 9
        - - 5
          - 6
        - - 10
          - 11
        - - 2
          - 3
        - - 10
          - 12
        - - 9
          - 11
        - - 3
          - 4
        - - 7
          - 8
        - - 8
          - 10
        - - 11
          - 12
        - - 4
          - 5
        - - 4
          - 6
        - - 7
          - 9
        - - 2
          - 12
        - - 6
          - 7
        - - 1
          - 11
        - - 1
          - 2
        - - 3
          - 5
        - - 9
          - 10
        - - 2
          - 4
        - - 1
          - 3
      faces_of_edge:
        - - ~
          - ~
        - - ~
          - ~
        - - ~
          - ~
        - - ~
          - ~
        - - ~
          - ~
        - - ~
          - ~
        - - ~
          - ~
        - - ~
          - ~
        - - ~
          - ~
        - - ~
          - ~
        - - ~
          - ~
        - - ~
          - ~
      points_of_face:
        - - 11
          - 12
          - 1
        - - 1
          - 12
          - 2
        - - 1
          - 2
          - 3
        - - 3
          - 2
          - 4
        - - 3
          - 4
          - 5
        - - 5
          - 4
          - 6
        - - 5
          - 6
          - 7
        - - 7
          - 6
          - 8
        - - 7
          - 8
          - 9
        - - 9
          - 8
          - 10
        - - 9
          - 10
          - 11
        - - 11
          - 10
          - 12
      edges_of_face:
        - - - 1
            - 11
          - - 11
            - 12
          - - 1
            - 12
        - - - 1
            - 2
          - - 2
            - 12
          - - 1
            - 12
        - - - 1
            - 2
          - - 2
            - 3
          - - 1
            - 3
        - - - 2
            - 3
          - - 3
            - 4
          - - 2
            - 4
        - - - 3
            - 4
          - - 4
            - 5
          - - 3
            - 5
        - - - 4
            - 5
          - - 5
            - 6
          - - 4
            - 6
        - - - 5
            - 6
          - - 6
            - 7
          - - 5
            - 7
        - - - 6
            - 7
          - - 7
            - 8
          - - 6
            - 8
        - - - 7
            - 8
          - - 8
            - 9
          - - 7
            - 9
        - - - 8
            - 9
          - - 9
            - 10
          - - 8
            - 10
        - - - 9
            - 10
          - - 10
            - 11
          - - 9
            - 11
        - - - 10
            - 11
          - - 11
            - 12
          - - 10
            - 12
      data_points_position:
        - - 0.5
          - 2
          - -0
        - - 0.5
          - 0
          - -0
        - - 0.24999999
          - 2
          - -0.43301272
        - - 0.24999999
          - 0
          - -0.43301272
        - - -0.25000003
          - 2
          - -0.4330127
        - - -0.25000003
          - 0
          - -0.4330127
        - - -0.5
          - 2
          - 0.00000004371139
        - - -0.5
          - 0
          - 0.00000004371139
        - - -0.24999996
          - 2
          - 0.43301272
        - - -0.24999996
          - 0
          - 0.43301272
        - - 0.24999996
          - 2
          - 0.43301272
        - - 0.24999996
          - 0
          - 0.43301272
      data_faces_normal:
        - - 0.8660253
          - 0
          - 0.50000006
        - - 0.8660253
          - 0
          - 0.50000006
        - - 0.86602545
          - 0
          - -0.5
        - - 0.86602545
          - 0
          - -0.5
        - - -0.000000059604645
          - -0
          - -1
        - - -0.000000059604645
          - 0
          - -1
        - - -0.86602545
          - -0
          - -0.49999994
        - - -0.86602545
          - 0
          - -0.49999994
        - - -0.8660254
          - 0
          - 0.5000001
        - - -0.8660254
          - 0
          - 0.5000001
        - - 0
          - 0
          - 1
        - - 0
          - 0
          - 1
      data_hard_edge: []
