---
source: oneiroi/src/mesh/tests.rs
expression: "BoxV1::default().compute(vec![])"
---
- Mesh:
    Value:
      edges_of_point:
        - []
        - []
        - []
        - []
        - []
        - []
        - []
        - []
      faces_of_point:
        - []
        - []
        - []
        - []
        - []
        - []
        - []
        - []
      points_of_edge:
        - - 1
          - 5
        - - 1
          - 3
        - - 4
          - 7
        - - 6
          - 7
        - - 6
          - 8
        - - 1
          - 2
        - - 4
          - 6
        - - 3
          - 4
        - - 5
          - 6
        - - 5
          - 8
        - - 4
          - 8
        - - 2
          - 4
        - - 7
          - 8
        - - 1
          - 4
        - - 1
          - 8
        - - 2
          - 8
        - - 1
          - 6
        - - 3
          - 6
      faces_of_edge:
        - - ~
          - ~
        - - ~
          - ~
        - - ~
          - ~
        - - ~
          - ~
        - - ~
          - ~
        - - ~
          - ~
        - - ~
          - ~
        - - ~
          - ~
        - - ~
          - ~
        - - ~
          - ~
        - - ~
          - ~
        - - ~
          - ~
        - - ~
          - ~
        - - ~
          - ~
        - - ~
          - ~
        - - ~
          - ~
        - - ~
          - ~
        - - ~
          - ~
      points_of_face:
        - - 2
          - 1
          - 4
        - - 1
          - 3
          - 4
        - - 2
          - 4
          - 8
        - - 8
          - 4
          - 7
        - - 8
          - 7
          - 6
        - - 6
          - 5
          - 8
        - - 5
          - 6
          - 1
        - - 3
          - 1
          - 6
        - - 8
          - 1
          - 2
        - - 8
          - 5
          - 1
        - - 3
          - 6
          - 4
        - - 6
          - 7
          - 4
      edges_of_face:
        - - - 1
            - 2
          - - 2
            - 4
          - - 1
            - 4
        - - - 1
            - 3
          - - 3
            - 4
          - - 1
            - 4
        - - - 2
            - 4
          - - 4
            - 8
          - - 2
            - 8
        - - - 4
            - 7
          - - 7
            - 8
          - - 4
            - 8
        - - - 6
            - 7
          - - 7
            - 8
          - - 6
            - 8
        - - - 5
            - 6
          - - 6
            - 8
          - - 5
            - 8
        - - - 1
            - 5
          - - 5
            - 6
          - - 1
            - 6
        - - - 1
            - 3
          - - 3
            - 6
          - - 1
            - 6
        - - - 1
            - 2
          - - 2
            - 8
          - - 1
            - 8
        - - - 1
            - 5
          - - 5
            - 8
          - - 1
            - 8
        - - - 3
            - 4
          - - 4
            - 6
          - - 3
            - 6
        - - - 4
            - 6
          - - 6
            - 7
          - - 4
            - 7
      data_points_position:
        - - 0.5
          - 0.5
          - 0.5
        - - 0.5
          - 0.5
          - -0.5
        - - 0.5
          - -0.5
          - 0.5
        - - 0.5
          - -0.5
          - -0.5
        - - -0.5
          - 0.5
          - 0.5
        - - -0.5
          - -0.5
          - 0.5
        - - -0.5
          - -0.5
          - -0.5
        - - -0.5
          - 0.5
          - -0.5
      data_faces_normal:
        - - 1
          - 0
          - 0
        - - 1
          - 0
          - -0
        - - 0
          - 0
          - -1
        - - 0
          - 0
          - -1
        - - -1
          - -0
          - -0
        - - -1
          - 0
          - 0
        - - 0
          - 0
          - 1
        - - 0
          - 0
          - 1
        - - 0
          - 1
          - 0
        - - 0
          - 1
          - -0
        - - 0
          - -1
          - 0
        - - -0
          - -1
          - -0
      data_hard_edge: []
