---
source: oneiroi/src/mesh/tests.rs
expression: "BoxV1::default().compute(vec![])"
snapshot_kind: text
---
- Mesh:
    edges_in_point:
      - []
      - []
      - []
      - []
      - []
      - []
      - []
      - []
    faces_in_point:
      - []
      - []
      - []
      - []
      - []
      - []
      - []
      - []
    points_in_edge:
      - - 1
        - 2
      - - 4
        - 2
      - - 1
        - 4
      - - 1
        - 3
      - - 4
        - 1
      - - 4
        - 3
      - - 4
        - 2
      - - 8
        - 2
      - - 8
        - 4
      - - 8
        - 4
      - - 8
        - 7
      - - 7
        - 4
      - - 8
        - 7
      - - 6
        - 8
      - - 7
        - 6
      - - 5
        - 6
      - - 6
        - 8
      - - 8
        - 5
      - - 6
        - 5
      - - 1
        - 5
      - - 1
        - 6
      - - 3
        - 1
      - - 6
        - 3
      - - 6
        - 1
      - - 1
        - 8
      - - 2
        - 8
      - - 1
        - 2
      - - 5
        - 8
      - - 8
        - 1
      - - 1
        - 5
      - - 6
        - 3
      - - 3
        - 4
      - - 6
        - 4
      - - 7
        - 6
      - - 4
        - 6
      - - 7
        - 4
    faces_in_edge:
      - []
      - []
      - []
      - []
      - []
      - []
      - []
      - []
      - []
      - []
      - []
      - []
      - []
      - []
      - []
      - []
      - []
      - []
      - []
      - []
      - []
      - []
      - []
      - []
      - []
      - []
      - []
      - []
      - []
      - []
      - []
      - []
      - []
      - []
      - []
      - []
    points_in_face:
      - - 1
        - 2
        - 4
      - - 3
        - 1
        - 4
      - - 4
        - 2
        - 8
      - - 4
        - 8
        - 7
      - - 7
        - 8
        - 6
      - - 5
        - 6
        - 8
      - - 6
        - 5
        - 1
      - - 1
        - 3
        - 6
      - - 1
        - 8
        - 2
      - - 5
        - 8
        - 1
      - - 6
        - 3
        - 4
      - - 7
        - 6
        - 4
    edges_in_face:
      - - 2
        - 3
        - 1
      - - 4
        - 6
        - 5
      - - 9
        - 7
        - 8
      - - 12
        - 11
        - 10
      - - 14
        - 13
        - 15
      - - 18
        - 17
        - 16
      - - 19
        - 21
        - 20
      - - 23
        - 22
        - 24
      - - 26
        - 27
        - 25
      - - 29
        - 30
        - 28
      - - 31
        - 33
        - 32
      - - 34
        - 35
        - 36
    data_points_position:
      - - 0.5
        - 0.5
        - 0.5
      - - 0.5
        - 0.5
        - -0.5
      - - 0.5
        - -0.5
        - 0.5
      - - 0.5
        - -0.5
        - -0.5
      - - -0.5
        - 0.5
        - 0.5
      - - -0.5
        - -0.5
        - 0.5
      - - -0.5
        - -0.5
        - -0.5
      - - -0.5
        - 0.5
        - -0.5
    data_faces_normal:
      - - 1
        - 0
        - 0
      - - 1
        - 0
        - -0
      - - 0
        - 0
        - -1
      - - 0
        - 0
        - -1
      - - -1
        - -0
        - -0
      - - -1
        - 0
        - 0
      - - 0
        - 0
        - 1
      - - 0
        - 0
        - 1
      - - 0
        - 1
        - 0
      - - 0
        - 1
        - -0
      - - 0
        - -1
        - 0
      - - -0
        - -1
        - -0
